[A] device=cuda seed=42 params=411,357 train=720 val=80
/root/autodl-tmp/test_model/irstd_a/model.py:137: UserWarning: Plan failed with a cudnnException: CUDNN_BACKEND_EXECUTION_PLAN_DESCRIPTOR: cudnnFinalize Descriptor Failed cudnn_status: CUDNN_STATUS_NOT_SUPPORTED (Triggered internally at ../aten/src/ATen/native/cudnn/Conv_v8.cpp:919.)
  F.conv2d(
/root/miniconda3/lib/python3.12/site-packages/torch/autograd/graph.py:744: UserWarning: Plan failed with a cudnnException: CUDNN_BACKEND_EXECUTION_PLAN_DESCRIPTOR: cudnnFinalize Descriptor Failed cudnn_status: CUDNN_STATUS_NOT_SUPPORTED (Triggered internally at ../aten/src/ATen/native/cudnn/Conv_v8.cpp:919.)
  return Variable._execution_engine.run_backward(  # Calls into the C++ engine to run the backward pass
[A] epoch 1/150 loss=6.22281 presence=5.1297 amplitude=0.5991 sparse=6.0316 val_score=1.84366 best=1.84366 centroid=0.500 falseS=0.996 massX=319.657 outsideT=336.756 recall=0.933 precision=0.005 bad=0 lr=7.20e-05 peak_mb=7354 elapsed=42.1s
[A] epoch 2/150 loss=3.73344 presence=2.3069 amplitude=0.9866 sparse=5.9463 val_score=1.51250 best=1.51250 centroid=1.000 falseS=0.993 massX=276.890 outsideT=287.754 recall=1.654 precision=0.007 bad=0 lr=1.44e-04 peak_mb=7354 elapsed=82.4s
[A] epoch 3/150 loss=2.95399 presence=1.4358 amplitude=1.2372 sparse=5.6123 val_score=1.45445 best=1.45445 centroid=1.000 falseS=0.988 massX=164.434 outsideT=160.671 recall=1.688 precision=0.013 bad=0 lr=2.00e-04 peak_mb=7354 elapsed=122.9s
[A] epoch 4/150 loss=1.86076 presence=1.0494 amplitude=1.1866 sparse=4.7142 val_score=1.34779 best=1.34779 centroid=1.000 falseS=0.962 massX=43.404 outsideT=41.776 recall=1.334 precision=0.036 bad=0 lr=2.00e-04 peak_mb=7354 elapsed=164.0s
[A] epoch 5/150 loss=0.83088 presence=0.9979 amplitude=1.1687 sparse=3.2470 val_score=1.24196 best=1.24196 centroid=1.000 falseS=0.791 massX=7.485 outsideT=6.137 recall=1.279 precision=0.193 bad=0 lr=2.00e-04 peak_mb=7354 elapsed=205.0s
[A] epoch 6/150 loss=0.10166 presence=0.9940 amplitude=1.1580 sparse=2.1182 val_score=1.05101 best=1.05101 centroid=1.000 falseS=0.631 massX=3.229 outsideT=1.789 recall=0.852 precision=0.346 bad=0 lr=2.00e-04 peak_mb=7354 elapsed=246.2s
[A] epoch 7/150 loss=-0.37481 presence=0.8534 amplitude=1.1978 sparse=1.6291 val_score=0.76769 best=0.76769 centroid=1.000 falseS=0.384 massX=2.044 outsideT=0.682 recall=1.130 precision=0.601 bad=0 lr=2.00e-04 peak_mb=7354 elapsed=285.1s
[A] epoch 8/150 loss=-0.64261 presence=0.8070 amplitude=1.2606 sparse=1.3913 val_score=0.40511 best=0.40511 centroid=1.000 falseS=0.166 massX=1.844 outsideT=0.287 recall=1.156 precision=0.811 bad=0 lr=1.99e-04 peak_mb=7354 elapsed=324.8s
[A] epoch 9/150 loss=-0.83114 presence=0.6847 amplitude=1.3158 sparse=1.2683 val_score=0.46639 best=0.40511 centroid=1.000 falseS=0.142 massX=1.825 outsideT=0.216 recall=1.106 precision=0.837 bad=1 lr=1.99e-04 peak_mb=7354 elapsed=365.8s
[A] epoch 10/150 loss=-1.07290 presence=0.6936 amplitude=1.2083 sparse=1.1905 val_score=0.50533 best=0.40511 centroid=1.000 falseS=0.132 massX=2.840 outsideT=0.378 recall=1.701 precision=0.857 bad=2 lr=1.99e-04 peak_mb=7354 elapsed=406.8s
[A] epoch 11/150 loss=-1.25105 presence=0.5810 amplitude=1.2730 sparse=1.1567 val_score=0.42067 best=0.40511 centroid=1.000 falseS=0.120 massX=1.722 outsideT=0.153 recall=1.150 precision=0.869 bad=3 lr=1.98e-04 peak_mb=7354 elapsed=447.2s
[A] epoch 12/150 loss=-1.38762 presence=0.5364 amplitude=1.2462 sparse=1.1051 val_score=0.48292 best=0.40511 centroid=1.000 falseS=0.107 massX=1.397 outsideT=0.137 recall=0.837 precision=0.879 bad=4 lr=1.98e-04 peak_mb=7354 elapsed=487.7s
[A] epoch 13/150 loss=-1.48159 presence=0.5028 amplitude=1.2339 sparse=1.0686 val_score=0.38066 best=0.38066 centroid=1.000 falseS=0.163 massX=1.746 outsideT=0.206 recall=1.002 precision=0.829 bad=0 lr=1.98e-04 peak_mb=7354 elapsed=528.3s
[A] epoch 14/150 loss=-1.47407 presence=0.4926 amplitude=1.2572 sparse=1.0778 val_score=0.31126 best=0.31126 centroid=1.000 falseS=0.069 massX=1.888 outsideT=0.119 recall=1.287 precision=0.929 bad=0 lr=1.97e-04 peak_mb=7354 elapsed=568.8s
[A] epoch 15/150 loss=-1.53782 presence=0.4394 amplitude=1.2707 sparse=1.0547 val_score=0.33934 best=0.31126 centroid=1.000 falseS=0.046 massX=1.457 outsideT=0.062 recall=1.088 precision=0.946 bad=1 lr=1.97e-04 peak_mb=7354 elapsed=609.0s
[A] epoch 16/150 loss=-1.58016 presence=0.4343 amplitude=1.2026 sparse=1.0032 val_score=0.39274 best=0.31126 centroid=1.000 falseS=0.060 massX=1.482 outsideT=0.084 recall=1.173 precision=0.933 bad=2 lr=1.96e-04 peak_mb=7354 elapsed=649.0s
[A] epoch 17/150 loss=-1.58617 presence=0.4519 amplitude=1.2395 sparse=1.0373 val_score=0.31384 best=0.31126 centroid=1.000 falseS=0.087 massX=1.423 outsideT=0.125 recall=1.141 precision=0.905 bad=3 lr=1.95e-04 peak_mb=7354 elapsed=689.3s
[A] epoch 18/150 loss=-1.64246 presence=0.4325 amplitude=1.2160 sparse=1.0296 val_score=0.29225 best=0.29225 centroid=1.000 falseS=0.039 massX=1.325 outsideT=0.052 recall=1.025 precision=0.955 bad=0 lr=1.95e-04 peak_mb=7354 elapsed=729.9s
[A] epoch 19/150 loss=-1.67735 presence=0.3752 amplitude=1.2422 sparse=1.0418 val_score=0.35011 best=0.29225 centroid=1.000 falseS=0.016 massX=1.262 outsideT=0.021 recall=1.046 precision=0.983 bad=1 lr=1.94e-04 peak_mb=7354 elapsed=770.1s
[A] epoch 20/150 loss=-1.59812 presence=0.3815 amplitude=1.2396 sparse=1.0086 val_score=0.35834 best=0.29225 centroid=1.000 falseS=0.036 massX=1.286 outsideT=0.042 recall=1.078 precision=0.963 bad=2 lr=1.93e-04 peak_mb=7354 elapsed=810.2s
[A] epoch 21/150 loss=-1.74502 presence=0.3263 amplitude=1.2067 sparse=0.9960 val_score=0.29177 best=0.29177 centroid=1.000 falseS=0.013 massX=1.035 outsideT=0.013 recall=0.897 precision=0.986 bad=0 lr=1.93e-04 peak_mb=7354 elapsed=850.8s
[A] epoch 22/150 loss=-1.84217 presence=0.3241 amplitude=1.2397 sparse=0.9941 val_score=0.36222 best=0.29177 centroid=1.000 falseS=0.024 massX=1.094 outsideT=0.018 recall=0.901 precision=0.975 bad=1 lr=1.92e-04 peak_mb=7354 elapsed=891.0s
[A] epoch 23/150 loss=-1.84014 presence=0.3244 amplitude=1.2066 sparse=0.9824 val_score=0.31559 best=0.29177 centroid=1.000 falseS=0.027 massX=1.355 outsideT=0.034 recall=1.107 precision=0.972 bad=2 lr=1.91e-04 peak_mb=7354 elapsed=931.1s
[A] epoch 24/150 loss=-1.87892 presence=0.3510 amplitude=1.2219 sparse=0.9852 val_score=0.18802 best=0.18802 centroid=1.000 falseS=0.022 massX=1.291 outsideT=0.021 recall=1.042 precision=0.980 bad=0 lr=1.90e-04 peak_mb=7354 elapsed=970.5s
[A] epoch 25/150 loss=-1.93912 presence=0.2614 amplitude=1.2010 sparse=0.9643 val_score=0.28500 best=0.18802 centroid=1.000 falseS=0.015 massX=1.544 outsideT=0.023 recall=1.305 precision=0.985 bad=1 lr=1.89e-04 peak_mb=7354 elapsed=1010.9s
[A] epoch 26/150 loss=-2.04734 presence=0.2482 amplitude=1.1941 sparse=0.9813 val_score=0.22068 best=0.18802 centroid=1.000 falseS=0.015 massX=1.071 outsideT=0.019 recall=1.041 precision=0.985 bad=2 lr=1.88e-04 peak_mb=7354 elapsed=1051.0s
[A] epoch 27/150 loss=-2.01048 presence=0.3108 amplitude=1.2096 sparse=0.9714 val_score=0.26259 best=0.18802 centroid=1.000 falseS=0.017 massX=1.074 outsideT=0.017 recall=0.967 precision=0.983 bad=3 lr=1.87e-04 peak_mb=7354 elapsed=1091.3s
[A] epoch 28/150 loss=-1.95961 presence=0.2593 amplitude=1.2005 sparse=0.9525 val_score=0.32019 best=0.18802 centroid=1.000 falseS=0.015 massX=1.003 outsideT=0.012 recall=0.961 precision=0.985 bad=4 lr=1.86e-04 peak_mb=7354 elapsed=1131.7s
[A] epoch 29/150 loss=-1.97499 presence=0.2415 amplitude=1.1887 sparse=0.9515 val_score=0.16923 best=0.16923 centroid=1.000 falseS=0.023 massX=1.220 outsideT=0.019 recall=0.976 precision=0.979 bad=0 lr=1.85e-04 peak_mb=7354 elapsed=1172.3s
[A] epoch 30/150 loss=-2.00755 presence=0.2077 amplitude=1.1659 sparse=0.9667 val_score=0.30383 best=0.16923 centroid=1.000 falseS=0.024 massX=0.965 outsideT=0.016 recall=0.748 precision=0.974 bad=1 lr=1.84e-04 peak_mb=7354 elapsed=1212.7s
[A] epoch 31/150 loss=-1.96787 presence=0.2300 amplitude=1.1966 sparse=0.9651 val_score=0.28977 best=0.16923 centroid=1.000 falseS=0.013 massX=1.329 outsideT=0.015 recall=1.152 precision=0.987 bad=2 lr=1.82e-04 peak_mb=7354 elapsed=1253.0s
[A] epoch 32/150 loss=-2.03304 presence=0.2249 amplitude=1.1733 sparse=0.9561 val_score=0.26512 best=0.16923 centroid=1.000 falseS=0.028 massX=1.364 outsideT=0.027 recall=1.119 precision=0.976 bad=3 lr=1.81e-04 peak_mb=7354 elapsed=1293.8s
[A] epoch 33/150 loss=-2.15355 presence=0.2116 amplitude=1.1731 sparse=0.9611 val_score=0.27858 best=0.16923 centroid=1.000 falseS=0.006 massX=1.259 outsideT=0.007 recall=1.195 precision=0.994 bad=4 lr=1.80e-04 peak_mb=7354 elapsed=1334.4s
[A] epoch 34/150 loss=-2.11556 presence=0.2229 amplitude=1.1463 sparse=0.9698 val_score=0.28236 best=0.16923 centroid=1.000 falseS=0.013 massX=1.481 outsideT=0.018 recall=1.264 precision=0.987 bad=5 lr=1.79e-04 peak_mb=7354 elapsed=1374.5s
[A] epoch 35/150 loss=-2.25391 presence=0.1675 amplitude=1.1716 sparse=0.9558 val_score=0.21031 best=0.16923 centroid=1.000 falseS=0.026 massX=1.362 outsideT=0.021 recall=1.005 precision=0.978 bad=6 lr=1.77e-04 peak_mb=7354 elapsed=1414.5s
[A] epoch 36/150 loss=-2.07322 presence=0.1960 amplitude=1.1879 sparse=0.9563 val_score=0.29037 best=0.16923 centroid=1.000 falseS=0.026 massX=1.210 outsideT=0.019 recall=0.936 precision=0.982 bad=7 lr=1.76e-04 peak_mb=7354 elapsed=1454.9s
[A] epoch 37/150 loss=-2.32210 presence=0.1982 amplitude=1.1522 sparse=0.9299 val_score=0.23828 best=0.16923 centroid=1.000 falseS=0.012 massX=1.134 outsideT=0.011 recall=0.947 precision=0.988 bad=8 lr=1.75e-04 peak_mb=7354 elapsed=1495.2s
[A] epoch 38/150 loss=-2.12596 presence=0.1916 amplitude=1.1506 sparse=0.9442 val_score=0.22693 best=0.16923 centroid=1.000 falseS=0.017 massX=1.250 outsideT=0.015 recall=1.086 precision=0.985 bad=9 lr=1.73e-04 peak_mb=7354 elapsed=1535.5s
[A] epoch 39/150 loss=-2.23049 presence=0.1729 amplitude=1.1603 sparse=0.9308 val_score=0.26894 best=0.16923 centroid=1.000 falseS=0.009 massX=0.896 outsideT=0.007 recall=0.900 precision=0.992 bad=10 lr=1.72e-04 peak_mb=7354 elapsed=1575.8s
[A] epoch 40/150 loss=-2.31307 presence=0.1852 amplitude=1.1191 sparse=0.9386 val_score=0.45932 best=0.16923 centroid=1.000 falseS=0.011 massX=1.433 outsideT=0.011 recall=1.335 precision=0.992 bad=11 lr=1.70e-04 peak_mb=7354 elapsed=1616.2s
[A] epoch 41/150 loss=-2.07472 presence=0.2094 amplitude=1.1493 sparse=0.9312 val_score=0.27557 best=0.16923 centroid=1.000 falseS=0.009 massX=0.966 outsideT=0.008 recall=0.940 precision=0.992 bad=12 lr=1.69e-04 peak_mb=7354 elapsed=1656.6s
[A] epoch 42/150 loss=-2.38539 presence=0.1541 amplitude=1.1421 sparse=0.9296 val_score=0.32030 best=0.16923 centroid=1.000 falseS=0.010 massX=1.250 outsideT=0.010 recall=1.158 precision=0.991 bad=13 lr=1.67e-04 peak_mb=7354 elapsed=1696.4s
[A] epoch 43/150 loss=-2.43676 presence=0.1781 amplitude=1.1299 sparse=0.9161 val_score=0.25611 best=0.16923 centroid=1.000 falseS=0.015 massX=1.401 outsideT=0.014 recall=1.254 precision=0.990 bad=14 lr=1.65e-04 peak_mb=7354 elapsed=1736.0s
[A] epoch 44/150 loss=-2.35218 presence=0.1812 amplitude=1.1083 sparse=0.9281 val_score=0.24518 best=0.16923 centroid=1.000 falseS=0.004 massX=1.101 outsideT=0.004 recall=1.049 precision=0.996 bad=15 lr=1.64e-04 peak_mb=7354 elapsed=1776.7s
[A] epoch 45/150 loss=-2.42026 presence=0.1355 amplitude=1.0989 sparse=0.9257 val_score=0.29914 best=0.16923 centroid=1.000 falseS=0.016 massX=1.038 outsideT=0.016 recall=0.875 precision=0.986 bad=16 lr=1.62e-04 peak_mb=7354 elapsed=1817.0s
[A] epoch 46/150 loss=-2.39760 presence=0.1579 amplitude=1.0977 sparse=0.9018 val_score=0.26260 best=0.16923 centroid=1.000 falseS=0.009 massX=1.236 outsideT=0.009 recall=1.107 precision=0.993 bad=17 lr=1.60e-04 peak_mb=7354 elapsed=1857.2s
[A] epoch 47/150 loss=-2.43078 presence=0.1583 amplitude=1.1217 sparse=0.9387 val_score=0.21757 best=0.16923 centroid=1.000 falseS=0.007 massX=1.205 outsideT=0.009 recall=1.136 precision=0.993 bad=18 lr=1.59e-04 peak_mb=7354 elapsed=1897.7s
[A] epoch 48/150 loss=-2.36800 presence=0.1495 amplitude=1.1203 sparse=0.9082 val_score=0.27700 best=0.16923 centroid=1.000 falseS=0.004 massX=1.394 outsideT=0.006 recall=1.343 precision=0.996 bad=19 lr=1.57e-04 peak_mb=7354 elapsed=1938.4s
[A] epoch 49/150 loss=-2.53075 presence=0.1486 amplitude=1.0755 sparse=0.9028 val_score=0.20268 best=0.16923 centroid=1.000 falseS=0.009 massX=1.024 outsideT=0.009 recall=1.053 precision=0.991 bad=20 lr=1.55e-04 peak_mb=7354 elapsed=1978.6s
[A] early stop at epoch 49 after 20 non-improving epochs
[A] complete best_validation_score=0.169227
