[A] device=cuda seed=42 params=411,357 train=720 val=80
/root/autodl-tmp/test_model/irstd_a/model.py:137: UserWarning: Plan failed with a cudnnException: CUDNN_BACKEND_EXECUTION_PLAN_DESCRIPTOR: cudnnFinalize Descriptor Failed cudnn_status: CUDNN_STATUS_NOT_SUPPORTED (Triggered internally at ../aten/src/ATen/native/cudnn/Conv_v8.cpp:919.)
  F.conv2d(
/root/miniconda3/lib/python3.12/site-packages/torch/autograd/graph.py:744: UserWarning: Plan failed with a cudnnException: CUDNN_BACKEND_EXECUTION_PLAN_DESCRIPTOR: cudnnFinalize Descriptor Failed cudnn_status: CUDNN_STATUS_NOT_SUPPORTED (Triggered internally at ../aten/src/ATen/native/cudnn/Conv_v8.cpp:919.)
  return Variable._execution_engine.run_backward(  # Calls into the C++ engine to run the backward pass
[A] epoch 1/150 loss=6.17574 presence=5.1294 amplitude=0.5990 sparse=6.0316 val_score=1.84689 best=1.84689 centroid=0.500 falseS=0.996 massX=319.603 outsideT=336.790 recall=0.920 precision=0.005 bad=0 lr=7.20e-05 peak_mb=7362 elapsed=40.3s
[A] epoch 2/150 loss=3.70518 presence=2.2477 amplitude=1.0003 sparse=5.9480 val_score=1.68078 best=1.68078 centroid=1.000 falseS=0.993 massX=283.062 outsideT=285.412 recall=1.715 precision=0.008 bad=0 lr=1.44e-04 peak_mb=7362 elapsed=77.8s
[A] epoch 3/150 loss=2.91778 presence=1.4109 amplitude=1.2497 sparse=5.6233 val_score=1.50533 best=1.50533 centroid=1.000 falseS=0.989 massX=163.017 outsideT=159.345 recall=1.495 precision=0.012 bad=0 lr=2.00e-04 peak_mb=7362 elapsed=115.9s
[A] epoch 4/150 loss=1.86861 presence=1.0239 amplitude=1.2173 sparse=4.6773 val_score=1.27644 best=1.27644 centroid=1.000 falseS=0.965 massX=39.826 outsideT=39.371 recall=1.185 precision=0.032 bad=0 lr=2.00e-04 peak_mb=7362 elapsed=154.5s
[A] epoch 5/150 loss=0.84043 presence=0.9350 amplitude=1.2117 sparse=3.2486 val_score=1.13950 best=1.13950 centroid=1.000 falseS=0.842 massX=7.831 outsideT=6.379 recall=0.876 precision=0.145 bad=0 lr=2.00e-04 peak_mb=7362 elapsed=192.6s
[A] epoch 6/150 loss=0.00430 presence=0.8988 amplitude=1.2010 sparse=2.1462 val_score=0.84003 best=0.84003 centroid=1.000 falseS=0.582 massX=3.572 outsideT=1.604 recall=1.140 precision=0.390 bad=0 lr=2.00e-04 peak_mb=7362 elapsed=231.1s
[A] epoch 7/150 loss=-0.41586 presence=0.8774 amplitude=1.1902 sparse=1.5850 val_score=0.60962 best=0.60962 centroid=1.000 falseS=0.436 massX=2.020 outsideT=0.696 recall=0.901 precision=0.544 bad=0 lr=2.00e-04 peak_mb=7362 elapsed=269.7s
[A] epoch 8/150 loss=-0.73116 presence=0.7964 amplitude=1.2131 sparse=1.3807 val_score=0.42586 best=0.42586 centroid=1.000 falseS=0.213 massX=1.317 outsideT=0.255 recall=0.803 precision=0.763 bad=0 lr=1.99e-04 peak_mb=7362 elapsed=308.6s
[A] epoch 9/150 loss=-0.95701 presence=0.7001 amplitude=1.2447 sparse=1.2633 val_score=0.32815 best=0.32815 centroid=1.000 falseS=0.170 massX=1.931 outsideT=0.258 recall=1.166 precision=0.820 bad=0 lr=1.99e-04 peak_mb=7362 elapsed=346.5s
[A] epoch 10/150 loss=-1.03171 presence=0.6762 amplitude=1.1997 sparse=1.1878 val_score=0.43055 best=0.32815 centroid=1.000 falseS=0.166 massX=2.409 outsideT=0.311 recall=1.424 precision=0.837 bad=1 lr=1.99e-04 peak_mb=7362 elapsed=384.8s
[A] epoch 11/150 loss=-1.17332 presence=0.5908 amplitude=1.2638 sparse=1.1698 val_score=0.43761 best=0.32815 centroid=1.000 falseS=0.105 massX=1.106 outsideT=0.091 recall=0.768 precision=0.881 bad=2 lr=1.98e-04 peak_mb=7362 elapsed=423.0s
[A] epoch 12/150 loss=-1.34347 presence=0.5219 amplitude=1.2753 sparse=1.0940 val_score=0.32245 best=0.32245 centroid=1.000 falseS=0.076 massX=1.350 outsideT=0.083 recall=0.925 precision=0.915 bad=0 lr=1.98e-04 peak_mb=7362 elapsed=460.7s
[A] epoch 13/150 loss=-1.44204 presence=0.4769 amplitude=1.2443 sparse=1.0900 val_score=0.25734 best=0.25734 centroid=1.000 falseS=0.070 massX=1.199 outsideT=0.072 recall=0.814 precision=0.924 bad=0 lr=1.98e-04 peak_mb=7362 elapsed=499.2s
[A] epoch 14/150 loss=-1.47743 presence=0.4343 amplitude=1.2650 sparse=1.0685 val_score=0.40074 best=0.25734 centroid=1.000 falseS=0.053 massX=1.753 outsideT=0.096 recall=1.289 precision=0.944 bad=1 lr=1.97e-04 peak_mb=7362 elapsed=536.8s
[A] epoch 15/150 loss=-1.60249 presence=0.4264 amplitude=1.2673 sparse=1.0703 val_score=0.16661 best=0.16661 centroid=1.000 falseS=0.044 massX=1.519 outsideT=0.057 recall=1.088 precision=0.949 bad=0 lr=1.97e-04 peak_mb=7362 elapsed=575.9s
[A] epoch 16/150 loss=-1.61311 presence=0.3883 amplitude=1.2374 sparse=1.0252 val_score=0.19608 best=0.16661 centroid=1.000 falseS=0.088 massX=1.245 outsideT=0.103 recall=0.957 precision=0.907 bad=1 lr=1.96e-04 peak_mb=7362 elapsed=613.8s
[A] epoch 17/150 loss=-1.65442 presence=0.4016 amplitude=1.2769 sparse=1.0422 val_score=0.22912 best=0.16661 centroid=1.000 falseS=0.038 massX=1.708 outsideT=0.063 recall=1.337 precision=0.963 bad=2 lr=1.95e-04 peak_mb=7362 elapsed=652.2s
[A] epoch 18/150 loss=-1.67935 presence=0.3955 amplitude=1.2676 sparse=1.0329 val_score=0.19457 best=0.16661 centroid=1.000 falseS=0.035 massX=1.051 outsideT=0.034 recall=0.945 precision=0.961 bad=3 lr=1.95e-04 peak_mb=7362 elapsed=690.0s
[A] epoch 19/150 loss=-1.75767 presence=0.3162 amplitude=1.2500 sparse=1.0269 val_score=0.26730 best=0.16661 centroid=1.000 falseS=0.020 massX=1.393 outsideT=0.026 recall=1.139 precision=0.981 bad=4 lr=1.94e-04 peak_mb=7362 elapsed=728.2s
[A] epoch 20/150 loss=-1.80337 presence=0.3229 amplitude=1.2457 sparse=0.9818 val_score=0.15994 best=0.15994 centroid=1.000 falseS=0.032 massX=1.502 outsideT=0.040 recall=1.230 precision=0.970 bad=0 lr=1.93e-04 peak_mb=7362 elapsed=766.1s
[A] epoch 21/150 loss=-1.91358 presence=0.2762 amplitude=1.2393 sparse=1.0061 val_score=0.16642 best=0.15994 centroid=1.000 falseS=0.027 massX=0.830 outsideT=0.025 recall=0.766 precision=0.974 bad=1 lr=1.93e-04 peak_mb=7362 elapsed=804.5s
[A] epoch 22/150 loss=-1.92033 presence=0.2627 amplitude=1.2737 sparse=0.9830 val_score=0.31208 best=0.15994 centroid=1.000 falseS=0.020 massX=1.090 outsideT=0.015 recall=0.968 precision=0.981 bad=2 lr=1.92e-04 peak_mb=7362 elapsed=842.0s
[A] epoch 23/150 loss=-1.91686 presence=0.2862 amplitude=1.2069 sparse=0.9769 val_score=0.24633 best=0.15994 centroid=1.000 falseS=0.037 massX=1.109 outsideT=0.041 recall=0.879 precision=0.964 bad=3 lr=1.91e-04 peak_mb=7362 elapsed=879.7s
[A] epoch 24/150 loss=-1.88713 presence=0.2743 amplitude=1.2610 sparse=1.0134 val_score=0.11952 best=0.11952 centroid=1.000 falseS=0.016 massX=1.087 outsideT=0.015 recall=0.986 precision=0.981 bad=0 lr=1.90e-04 peak_mb=7362 elapsed=917.5s
[A] epoch 25/150 loss=-2.06846 presence=0.2464 amplitude=1.2108 sparse=0.9825 val_score=0.23697 best=0.11952 centroid=1.000 falseS=0.014 massX=1.326 outsideT=0.020 recall=1.111 precision=0.986 bad=1 lr=1.89e-04 peak_mb=7362 elapsed=956.2s
[A] epoch 26/150 loss=-2.04899 presence=0.2093 amplitude=1.2035 sparse=0.9687 val_score=0.18323 best=0.11952 centroid=1.000 falseS=0.014 massX=1.603 outsideT=0.023 recall=1.367 precision=0.987 bad=2 lr=1.88e-04 peak_mb=7362 elapsed=994.2s
[A] epoch 27/150 loss=-2.11244 presence=0.2688 amplitude=1.1998 sparse=0.9481 val_score=0.19341 best=0.11952 centroid=1.000 falseS=0.018 massX=1.115 outsideT=0.017 recall=0.963 precision=0.982 bad=3 lr=1.87e-04 peak_mb=7362 elapsed=1032.2s
[A] epoch 28/150 loss=-2.12497 presence=0.2263 amplitude=1.2061 sparse=0.9612 val_score=0.19430 best=0.11952 centroid=1.000 falseS=0.019 massX=1.010 outsideT=0.015 recall=0.851 precision=0.980 bad=4 lr=1.86e-04 peak_mb=7362 elapsed=1070.4s
[A] epoch 29/150 loss=-2.15541 presence=0.2169 amplitude=1.2017 sparse=0.9538 val_score=0.15089 best=0.11952 centroid=1.000 falseS=0.022 massX=1.450 outsideT=0.033 recall=1.140 precision=0.976 bad=5 lr=1.85e-04 peak_mb=7362 elapsed=1108.8s
[A] epoch 30/150 loss=-2.19217 presence=0.2201 amplitude=1.1762 sparse=0.9503 val_score=0.20255 best=0.11952 centroid=1.000 falseS=0.024 massX=1.437 outsideT=0.027 recall=1.051 precision=0.976 bad=6 lr=1.84e-04 peak_mb=7362 elapsed=1146.3s
[A] epoch 31/150 loss=-2.12594 presence=0.1917 amplitude=1.1603 sparse=0.9690 val_score=0.17590 best=0.11952 centroid=1.000 falseS=0.016 massX=1.835 outsideT=0.026 recall=1.453 precision=0.985 bad=7 lr=1.82e-04 peak_mb=7362 elapsed=1184.5s
[A] epoch 32/150 loss=-2.17610 presence=0.2227 amplitude=1.1429 sparse=0.9504 val_score=0.20917 best=0.11952 centroid=1.000 falseS=0.019 massX=0.749 outsideT=0.014 recall=0.700 precision=0.983 bad=8 lr=1.81e-04 peak_mb=7362 elapsed=1221.8s
[A] epoch 33/150 loss=-2.16103 presence=0.2031 amplitude=1.1888 sparse=0.9567 val_score=0.22047 best=0.11952 centroid=1.000 falseS=0.014 massX=1.151 outsideT=0.014 recall=1.074 precision=0.988 bad=9 lr=1.80e-04 peak_mb=7362 elapsed=1259.7s
[A] epoch 34/150 loss=-2.17397 presence=0.2094 amplitude=1.1676 sparse=0.9606 val_score=0.27722 best=0.11952 centroid=1.000 falseS=0.011 massX=1.515 outsideT=0.014 recall=1.314 precision=0.990 bad=10 lr=1.79e-04 peak_mb=7362 elapsed=1297.3s
[A] epoch 35/150 loss=-2.24263 presence=0.2111 amplitude=1.2129 sparse=0.9592 val_score=0.22366 best=0.11952 centroid=1.000 falseS=0.025 massX=1.163 outsideT=0.022 recall=0.945 precision=0.973 bad=11 lr=1.77e-04 peak_mb=7362 elapsed=1336.1s
[A] epoch 36/150 loss=-2.23618 presence=0.1989 amplitude=1.1640 sparse=0.9473 val_score=0.19030 best=0.11952 centroid=1.000 falseS=0.020 massX=1.480 outsideT=0.024 recall=1.185 precision=0.984 bad=12 lr=1.76e-04 peak_mb=7362 elapsed=1373.6s
[A] epoch 37/150 loss=-2.32761 presence=0.1962 amplitude=1.1424 sparse=0.9238 val_score=0.18563 best=0.11952 centroid=1.000 falseS=0.022 massX=1.125 outsideT=0.021 recall=0.988 precision=0.980 bad=13 lr=1.75e-04 peak_mb=7362 elapsed=1411.3s
[A] epoch 38/150 loss=-2.30418 presence=0.1573 amplitude=1.1570 sparse=0.9417 val_score=0.14408 best=0.11952 centroid=1.000 falseS=0.029 massX=1.239 outsideT=0.032 recall=1.014 precision=0.972 bad=14 lr=1.73e-04 peak_mb=7362 elapsed=1448.5s
[A] epoch 39/150 loss=-2.26865 presence=0.1598 amplitude=1.1154 sparse=0.9396 val_score=0.26210 best=0.11952 centroid=1.000 falseS=0.013 massX=0.849 outsideT=0.006 recall=0.833 precision=0.990 bad=15 lr=1.72e-04 peak_mb=7362 elapsed=1487.0s
[A] epoch 40/150 loss=-2.31908 presence=0.1787 amplitude=1.1416 sparse=0.9454 val_score=0.43100 best=0.11952 centroid=1.000 falseS=0.025 massX=2.012 outsideT=0.036 recall=1.543 precision=0.979 bad=16 lr=1.70e-04 peak_mb=7362 elapsed=1525.2s
[A] epoch 41/150 loss=-2.33131 presence=0.1619 amplitude=1.1497 sparse=0.9372 val_score=0.11679 best=0.11679 centroid=1.000 falseS=0.010 massX=1.167 outsideT=0.008 recall=1.058 precision=0.994 bad=0 lr=1.69e-04 peak_mb=7362 elapsed=1563.8s
[A] epoch 42/150 loss=-2.41089 presence=0.1364 amplitude=1.1132 sparse=0.9208 val_score=0.19980 best=0.11679 centroid=1.000 falseS=0.024 massX=1.155 outsideT=0.026 recall=0.949 precision=0.978 bad=1 lr=1.67e-04 peak_mb=7362 elapsed=1601.7s
[A] epoch 43/150 loss=-2.37757 presence=0.1511 amplitude=1.1222 sparse=0.9012 val_score=0.12081 best=0.11679 centroid=1.000 falseS=0.009 massX=1.224 outsideT=0.010 recall=1.071 precision=0.991 bad=2 lr=1.65e-04 peak_mb=7362 elapsed=1639.3s
[A] epoch 44/150 loss=-2.43273 presence=0.1537 amplitude=1.1209 sparse=0.9295 val_score=0.15193 best=0.11679 centroid=1.000 falseS=0.007 massX=1.053 outsideT=0.007 recall=1.038 precision=0.993 bad=3 lr=1.64e-04 peak_mb=7362 elapsed=1678.0s
[A] epoch 45/150 loss=-2.54330 presence=0.1213 amplitude=1.1032 sparse=0.9225 val_score=0.09923 best=0.09923 centroid=1.000 falseS=0.019 massX=1.040 outsideT=0.013 recall=0.933 precision=0.983 bad=0 lr=1.62e-04 peak_mb=7362 elapsed=1715.4s
[A] epoch 46/150 loss=-2.46070 presence=0.1374 amplitude=1.0953 sparse=0.9101 val_score=0.19821 best=0.09923 centroid=1.000 falseS=0.009 massX=1.322 outsideT=0.011 recall=1.243 precision=0.990 bad=1 lr=1.60e-04 peak_mb=7362 elapsed=1752.6s
[A] epoch 47/150 loss=-2.57986 presence=0.1572 amplitude=1.1198 sparse=0.9141 val_score=0.13306 best=0.09923 centroid=1.000 falseS=0.010 massX=1.308 outsideT=0.011 recall=1.153 precision=0.991 bad=2 lr=1.59e-04 peak_mb=7362 elapsed=1789.8s
[A] epoch 48/150 loss=-2.43688 presence=0.1541 amplitude=1.1160 sparse=0.9070 val_score=0.20280 best=0.09923 centroid=1.000 falseS=0.004 massX=1.023 outsideT=0.004 recall=1.023 precision=0.996 bad=3 lr=1.57e-04 peak_mb=7362 elapsed=1826.9s
[A] epoch 49/150 loss=-2.51472 presence=0.1718 amplitude=1.1148 sparse=0.9217 val_score=0.13211 best=0.09923 centroid=1.000 falseS=0.012 massX=1.079 outsideT=0.011 recall=1.023 precision=0.989 bad=4 lr=1.55e-04 peak_mb=7362 elapsed=1864.6s
[A] epoch 50/150 loss=-2.49133 presence=0.1630 amplitude=1.0824 sparse=0.8938 val_score=0.16613 best=0.09923 centroid=1.000 falseS=0.013 massX=1.423 outsideT=0.016 recall=1.208 precision=0.987 bad=5 lr=1.53e-04 peak_mb=7362 elapsed=1902.2s
[A] epoch 51/150 loss=-2.51547 presence=0.1645 amplitude=1.0846 sparse=0.9064 val_score=0.18508 best=0.09923 centroid=1.000 falseS=0.007 massX=1.197 outsideT=0.007 recall=1.070 precision=0.993 bad=6 lr=1.52e-04 peak_mb=7362 elapsed=1939.3s
[A] epoch 52/150 loss=-2.65406 presence=0.1427 amplitude=1.0824 sparse=0.9123 val_score=0.10505 best=0.09923 centroid=1.000 falseS=0.004 massX=1.074 outsideT=0.005 recall=0.996 precision=0.995 bad=7 lr=1.50e-04 peak_mb=7362 elapsed=1977.3s
[A] epoch 53/150 loss=-2.50399 presence=0.1194 amplitude=1.0537 sparse=0.9061 val_score=0.20684 best=0.09923 centroid=1.000 falseS=0.009 massX=1.714 outsideT=0.012 recall=1.465 precision=0.991 bad=8 lr=1.48e-04 peak_mb=7362 elapsed=2015.1s
[A] epoch 54/150 loss=-2.60039 presence=0.1563 amplitude=1.0570 sparse=0.9037 val_score=0.15115 best=0.09923 centroid=1.000 falseS=0.006 massX=0.950 outsideT=0.003 recall=0.904 precision=0.996 bad=9 lr=1.46e-04 peak_mb=7362 elapsed=2052.9s
[A] epoch 55/150 loss=-2.69026 presence=0.1316 amplitude=1.0590 sparse=0.8827 val_score=0.13916 best=0.09923 centroid=1.000 falseS=0.007 massX=1.169 outsideT=0.008 recall=1.022 precision=0.994 bad=10 lr=1.44e-04 peak_mb=7362 elapsed=2090.4s
[A] epoch 56/150 loss=-2.73617 presence=0.1153 amplitude=1.0338 sparse=0.8990 val_score=0.12980 best=0.09923 centroid=1.000 falseS=0.006 massX=1.358 outsideT=0.006 recall=1.139 precision=0.994 bad=11 lr=1.42e-04 peak_mb=7362 elapsed=2128.0s
[A] epoch 57/150 loss=-2.66597 presence=0.1091 amplitude=1.0449 sparse=0.8951 val_score=0.16583 best=0.09923 centroid=1.000 falseS=0.016 massX=1.206 outsideT=0.016 recall=1.116 precision=0.988 bad=12 lr=1.40e-04 peak_mb=7362 elapsed=2165.8s
[A] epoch 58/150 loss=-2.75041 presence=0.1255 amplitude=1.0330 sparse=0.8984 val_score=0.11242 best=0.09923 centroid=1.000 falseS=0.004 massX=1.171 outsideT=0.005 recall=1.138 precision=0.996 bad=13 lr=1.38e-04 peak_mb=7362 elapsed=2203.6s
[A] epoch 59/150 loss=-2.73313 presence=0.1289 amplitude=1.0270 sparse=0.9000 val_score=0.15739 best=0.09923 centroid=1.000 falseS=0.006 massX=1.003 outsideT=0.006 recall=1.016 precision=0.994 bad=14 lr=1.36e-04 peak_mb=7362 elapsed=2241.9s
[A] epoch 60/150 loss=-2.71174 presence=0.0939 amplitude=1.0246 sparse=0.8736 val_score=0.15120 best=0.09923 centroid=1.000 falseS=0.010 massX=1.150 outsideT=0.010 recall=1.061 precision=0.990 bad=15 lr=1.34e-04 peak_mb=7362 elapsed=2280.4s
[A] epoch 61/150 loss=-2.67841 presence=0.0939 amplitude=1.0112 sparse=0.8893 val_score=0.16878 best=0.09923 centroid=1.000 falseS=0.007 massX=1.022 outsideT=0.007 recall=1.001 precision=0.993 bad=16 lr=1.32e-04 peak_mb=7362 elapsed=2317.7s
[A] epoch 62/150 loss=-2.69410 presence=0.0987 amplitude=1.0310 sparse=0.9047 val_score=0.12191 best=0.09923 centroid=1.000 falseS=0.004 massX=1.127 outsideT=0.005 recall=1.104 precision=0.996 bad=17 lr=1.30e-04 peak_mb=7362 elapsed=2355.8s
[A] epoch 63/150 loss=-2.76562 presence=0.0797 amplitude=1.0216 sparse=0.8847 val_score=0.16678 best=0.09923 centroid=1.000 falseS=0.004 massX=0.997 outsideT=0.005 recall=1.046 precision=0.996 bad=18 lr=1.28e-04 peak_mb=7362 elapsed=2393.5s
[A] epoch 64/150 loss=-2.79288 presence=0.0758 amplitude=1.0041 sparse=0.8780 val_score=0.11022 best=0.09923 centroid=1.000 falseS=0.003 massX=1.125 outsideT=0.004 recall=1.111 precision=0.997 bad=19 lr=1.26e-04 peak_mb=7362 elapsed=2430.7s
[A] epoch 65/150 loss=-2.74669 presence=0.0853 amplitude=1.0021 sparse=0.9077 val_score=0.16916 best=0.09923 centroid=1.000 falseS=0.005 massX=1.136 outsideT=0.005 recall=1.136 precision=0.995 bad=20 lr=1.24e-04 peak_mb=7362 elapsed=2468.0s
[A] early stop at epoch 65 after 20 non-improving epochs
[A] complete best_validation_score=0.099230
