[A-v6.3] run_dir=runs/a_psf/irstd1k_seed42_v6_3 config=configs/a_psf_irstd1k.py device=cuda seed=42
torch=2.3.0+cu121 cuda=12.1 gpu=NVIDIA GeForce RTX 4090
[A-v6.3] running tests
............................................................ [ 67%]
.............................                                [100%]
89 passed in 5.46s
[A-v6.3] starting a fresh seed-42 run
[A] device=cuda seed=42 params=411,357 train=720 val=80
/root/autodl-tmp/test_model/irstd_a/model.py:137: UserWarning: Plan failed with a cudnnException: CUDNN_BACKEND_EXECUTION_PLAN_DESCRIPTOR: cudnnFinalize Descriptor Failed cudnn_status: CUDNN_STATUS_NOT_SUPPORTED (Triggered internally at ../aten/src/ATen/native/cudnn/Conv_v8.cpp:919.)
  F.conv2d(
/root/miniconda3/lib/python3.12/site-packages/torch/autograd/graph.py:744: UserWarning: Plan failed with a cudnnException: CUDNN_BACKEND_EXECUTION_PLAN_DESCRIPTOR: cudnnFinalize Descriptor Failed cudnn_status: CUDNN_STATUS_NOT_SUPPORTED (Triggered internally at ../aten/src/ATen/native/cudnn/Conv_v8.cpp:919.)
  return Variable._execution_engine.run_backward(  # Calls into the C++ engine to run the backward pass
[A] epoch 1/150 loss=19.30909 rec=4.1630 bg=0.4290 sp=9.7891 ctr=4.4318 psf=-0.1000 ind=0.0117 flip=0.0328 amp=0.5518 val_score=4.01504 best=4.01504 valRec=0.178 tail10=0.000 coverage=0.715 uRho=-0.178 falseS=0.984 recall=3.380 precision=0.013 bad=0 lr=7.20e-05 peak_mb=13830 elapsed=56.0s
[A] epoch 2/150 loss=13.91201 rec=4.1485 bg=0.3400 sp=7.5488 ctr=1.4790 psf=-0.1000 ind=0.0092 flip=0.0348 amp=0.4518 val_score=3.99805 best=3.99805 valRec=0.132 tail10=0.325 coverage=0.940 uRho=0.143 falseS=0.986 recall=2.927 precision=0.013 bad=0 lr=1.44e-04 peak_mb=13830 elapsed=111.2s
[A] epoch 3/150 loss=12.25088 rec=3.7569 bg=0.3007 sp=6.9694 ctr=0.8535 psf=-0.1000 ind=0.0056 flip=0.0562 amp=0.4085 val_score=4.00020 best=3.99805 valRec=0.128 tail10=0.031 coverage=0.940 uRho=0.396 falseS=0.987 recall=1.351 precision=0.013 bad=1 lr=2.00e-04 peak_mb=13830 elapsed=166.0s
[A] epoch 4/150 loss=10.24656 rec=2.9853 bg=0.2922 sp=5.7842 ctr=0.7780 psf=-0.0999 ind=0.0017 flip=0.0994 amp=0.4057 val_score=3.59730 best=3.59730 valRec=0.137 tail10=0.104 coverage=0.957 uRho=0.104 falseS=0.908 recall=1.919 precision=0.085 bad=0 lr=2.00e-04 peak_mb=13830 elapsed=220.5s
[A] epoch 5/150 loss=7.89376 rec=2.0242 bg=0.2878 sp=4.3922 ctr=0.7036 psf=-0.0999 ind=0.0004 flip=0.1782 amp=0.4072 val_score=2.63115 best=2.63115 valRec=0.143 tail10=0.056 coverage=0.951 uRho=0.354 falseS=0.717 recall=1.270 precision=0.265 bad=0 lr=2.00e-04 peak_mb=13830 elapsed=275.1s
[A] epoch 6/150 loss=6.28550 rec=1.3170 bg=0.2770 sp=3.4884 ctr=0.6344 psf=-0.0999 ind=0.0001 flip=0.2390 amp=0.4295 val_score=1.49064 best=1.49064 valRec=0.137 tail10=0.227 coverage=0.951 uRho=0.409 falseS=0.432 recall=1.447 precision=0.530 bad=0 lr=2.00e-04 peak_mb=13830 elapsed=330.1s
[A] epoch 7/150 loss=5.43549 rec=0.9828 bg=0.2852 sp=3.0371 ctr=0.5420 psf=-0.0999 ind=0.0001 flip=0.2435 amp=0.4446 val_score=1.21001 best=1.21001 valRec=0.153 tail10=0.056 coverage=0.972 uRho=0.272 falseS=0.435 recall=0.665 precision=0.490 bad=0 lr=2.00e-04 peak_mb=13830 elapsed=385.1s
[A] epoch 8/150 loss=4.97697 rec=0.8717 bg=0.2918 sp=2.7722 ctr=0.4293 psf=-0.0999 ind=0.0000 flip=0.2659 amp=0.4459 val_score=0.97002 best=0.97002 valRec=0.157 tail10=0.025 coverage=0.968 uRho=0.367 falseS=0.151 recall=1.531 precision=0.787 bad=0 lr=1.99e-04 peak_mb=13830 elapsed=439.9s
[A] epoch 9/150 loss=4.87905 rec=0.8656 bg=0.2885 sp=2.7031 ctr=0.4188 psf=-0.0998 ind=0.0000 flip=0.2566 amp=0.4462 val_score=0.90775 best=0.90775 valRec=0.164 tail10=0.056 coverage=0.980 uRho=0.431 falseS=0.268 recall=0.795 precision=0.624 bad=0 lr=1.99e-04 peak_mb=13830 elapsed=494.6s
[A] epoch 10/150 loss=4.75481 rec=0.8374 bg=0.2882 sp=2.6269 ctr=0.3996 psf=-0.0997 ind=0.0000 flip=0.2561 amp=0.4463 val_score=1.19613 best=0.90775 valRec=0.165 tail10=0.171 coverage=0.980 uRho=0.331 falseS=0.211 recall=1.171 precision=0.700 bad=1 lr=1.99e-04 peak_mb=13830 elapsed=549.1s
[A] epoch 11/150 loss=4.70696 rec=0.8788 bg=0.2978 sp=2.6019 ctr=0.3182 psf=-0.0997 ind=0.0000 flip=0.2689 amp=0.4410 val_score=0.81735 best=0.81735 valRec=0.163 tail10=0.098 coverage=0.957 uRho=0.465 falseS=0.238 recall=1.055 precision=0.670 bad=0 lr=1.98e-04 peak_mb=13830 elapsed=603.9s
[A] epoch 12/150 loss=4.49597 rec=0.7908 bg=0.2935 sp=2.5066 ctr=0.3227 psf=-0.0995 ind=0.0000 flip=0.2503 amp=0.4315 val_score=1.27561 best=0.81735 valRec=0.158 tail10=0.073 coverage=0.980 uRho=0.387 falseS=0.204 recall=1.116 precision=0.715 bad=1 lr=1.98e-04 peak_mb=13830 elapsed=658.5s
[A] epoch 13/150 loss=4.37403 rec=0.7959 bg=0.2853 sp=2.4454 ctr=0.2713 psf=-0.0993 ind=0.0000 flip=0.2478 amp=0.4277 val_score=0.89812 best=0.81735 valRec=0.168 tail10=0.056 coverage=0.980 uRho=0.559 falseS=0.125 recall=0.999 precision=0.795 bad=2 lr=1.98e-04 peak_mb=13830 elapsed=712.6s
[A] epoch 14/150 loss=4.23058 rec=0.7622 bg=0.2792 sp=2.4004 ctr=0.2139 psf=-0.0991 ind=0.0000 flip=0.2425 amp=0.4315 val_score=0.81384 best=0.81384 valRec=0.163 tail10=0.098 coverage=0.976 uRho=0.419 falseS=0.102 recall=1.011 precision=0.826 bad=0 lr=1.97e-04 peak_mb=13830 elapsed=766.8s
[A] epoch 15/150 loss=4.18121 rec=0.7211 bg=0.2739 sp=2.3589 ctr=0.2345 psf=-0.0990 ind=0.0000 flip=0.2622 amp=0.4296 val_score=0.96140 best=0.81384 valRec=0.155 tail10=0.025 coverage=0.980 uRho=0.420 falseS=0.124 recall=0.756 precision=0.772 bad=1 lr=1.97e-04 peak_mb=13830 elapsed=821.1s
[A] epoch 16/150 loss=3.94059 rec=0.6971 bg=0.2610 sp=2.2446 ctr=0.1771 psf=-0.0989 ind=0.0000 flip=0.2417 amp=0.4180 val_score=0.76453 best=0.76453 valRec=0.166 tail10=0.125 coverage=0.968 uRho=0.360 falseS=0.108 recall=0.898 precision=0.797 bad=0 lr=1.96e-04 peak_mb=13830 elapsed=875.5s
[A] epoch 17/150 loss=4.03008 rec=0.6987 bg=0.2608 sp=2.3038 ctr=0.1840 psf=-0.0987 ind=0.0000 flip=0.2543 amp=0.4272 val_score=0.96337 best=0.76453 valRec=0.154 tail10=0.025 coverage=0.980 uRho=0.264 falseS=0.092 recall=0.924 precision=0.820 bad=1 lr=1.95e-04 peak_mb=13830 elapsed=930.6s
[A] epoch 18/150 loss=3.91535 rec=0.6946 bg=0.2528 sp=2.2598 ctr=0.1497 psf=-0.0986 ind=0.0000 flip=0.2465 amp=0.4105 val_score=0.89795 best=0.76453 valRec=0.158 tail10=0.056 coverage=0.984 uRho=0.320 falseS=0.082 recall=1.095 precision=0.840 bad=2 lr=1.95e-04 peak_mb=13830 elapsed=985.0s
[A] epoch 19/150 loss=3.86096 rec=0.6910 bg=0.2524 sp=2.2449 ctr=0.1213 psf=-0.0986 ind=0.0000 flip=0.2312 amp=0.4188 val_score=0.81578 best=0.76453 valRec=0.158 tail10=0.098 coverage=0.980 uRho=0.041 falseS=0.099 recall=1.243 precision=0.819 bad=3 lr=1.94e-04 peak_mb=13830 elapsed=1040.0s
[A] epoch 20/150 loss=3.83608 rec=0.6955 bg=0.2544 sp=2.2035 ctr=0.1338 psf=-0.0984 ind=0.0000 flip=0.2359 amp=0.4114 val_score=0.81569 best=0.76453 valRec=0.157 tail10=0.098 coverage=0.984 uRho=0.050 falseS=0.074 recall=1.019 precision=0.825 bad=4 lr=1.93e-04 peak_mb=13830 elapsed=1094.3s
[A] epoch 21/150 loss=3.69481 rec=0.6774 bg=0.2448 sp=2.1327 ctr=0.1094 psf=-0.0984 ind=0.0000 flip=0.2269 amp=0.4020 val_score=1.01240 best=0.76453 valRec=0.146 tail10=0.000 coverage=0.984 uRho=0.218 falseS=0.104 recall=0.721 precision=0.775 bad=5 lr=1.93e-04 peak_mb=13830 elapsed=1149.3s
[A] epoch 22/150 loss=3.81471 rec=0.7029 bg=0.2383 sp=2.2136 ctr=0.1243 psf=-0.0985 ind=0.0000 flip=0.2248 amp=0.4092 val_score=0.89818 best=0.76453 valRec=0.146 tail10=0.056 coverage=0.984 uRho=0.255 falseS=0.096 recall=1.190 precision=0.808 bad=6 lr=1.92e-04 peak_mb=13830 elapsed=1204.3s
[A] epoch 23/150 loss=3.82963 rec=0.7493 bg=0.2482 sp=2.1966 ctr=0.1074 psf=-0.0988 ind=0.0000 flip=0.2314 amp=0.3955 val_score=1.07918 best=0.76453 valRec=0.148 tail10=0.056 coverage=0.984 uRho=0.116 falseS=0.110 recall=0.884 precision=0.776 bad=7 lr=1.91e-04 peak_mb=13830 elapsed=1259.0s
[A] epoch 24/150 loss=3.89761 rec=0.7440 bg=0.2422 sp=2.2670 ctr=0.1035 psf=-0.0989 ind=0.0000 flip=0.2348 amp=0.4050 val_score=0.89922 best=0.76453 valRec=0.144 tail10=0.056 coverage=0.984 uRho=0.172 falseS=0.122 recall=1.219 precision=0.766 bad=8 lr=1.90e-04 peak_mb=13830 elapsed=1314.1s
[A] epoch 25/150 loss=3.93098 rec=0.8115 bg=0.2395 sp=2.2955 ctr=0.0723 psf=-0.0991 ind=0.0001 flip=0.2241 amp=0.3873 val_score=0.81600 best=0.76453 valRec=0.148 tail10=0.098 coverage=0.993 uRho=0.115 falseS=0.163 recall=1.497 precision=0.729 bad=9 lr=1.89e-04 peak_mb=13830 elapsed=1368.9s
[A] epoch 26/150 loss=4.21411 rec=0.9464 bg=0.2391 sp=2.4329 ctr=0.1039 psf=-0.0992 ind=0.0001 flip=0.2146 amp=0.3763 val_score=0.77427 best=0.76453 valRec=0.143 tail10=0.119 coverage=0.984 uRho=0.184 falseS=0.207 recall=1.887 precision=0.681 bad=10 lr=1.88e-04 peak_mb=13830 elapsed=1424.3s
[A] epoch 27/150 loss=4.23027 rec=0.9388 bg=0.2399 sp=2.4324 ctr=0.1165 psf=-0.0994 ind=0.0001 flip=0.2102 amp=0.3918 val_score=0.90635 best=0.76453 valRec=0.140 tail10=0.056 coverage=0.984 uRho=0.317 falseS=0.305 recall=0.892 precision=0.535 bad=11 lr=1.87e-04 peak_mb=13830 elapsed=1479.2s
[A] epoch 28/150 loss=4.36604 rec=0.9672 bg=0.2461 sp=2.5127 ctr=0.1234 psf=-0.0995 ind=0.0001 flip=0.2152 amp=0.4009 val_score=1.01621 best=0.76453 valRec=0.161 tail10=0.000 coverage=0.984 uRho=0.414 falseS=0.239 recall=1.120 precision=0.587 bad=12 lr=1.86e-04 peak_mb=13830 elapsed=1533.8s
[A] epoch 29/150 loss=4.80647 rec=1.1230 bg=0.2560 sp=2.7549 ctr=0.1630 psf=-0.0995 ind=0.0001 flip=0.2209 amp=0.3879 val_score=1.14524 best=0.76453 valRec=0.156 tail10=0.056 coverage=0.959 uRho=0.103 falseS=0.423 recall=1.194 precision=0.417 bad=13 lr=1.85e-04 peak_mb=13830 elapsed=1589.0s
[A] epoch 30/150 loss=4.56038 rec=1.0588 bg=0.2512 sp=2.6316 ctr=0.1092 psf=-0.0990 ind=0.0001 flip=0.2161 amp=0.3924 val_score=0.82306 best=0.76453 valRec=0.152 tail10=0.098 coverage=0.984 uRho=0.104 falseS=0.201 recall=1.315 precision=0.607 bad=14 lr=1.84e-04 peak_mb=13830 elapsed=1644.0s
[A] epoch 31/150 loss=4.42461 rec=0.9754 bg=0.2697 sp=2.5141 ctr=0.1235 psf=-0.0986 ind=0.0001 flip=0.2302 amp=0.4102 val_score=0.89989 best=0.76453 valRec=0.160 tail10=0.056 coverage=0.972 uRho=0.419 falseS=0.150 recall=1.146 precision=0.647 bad=15 lr=1.82e-04 peak_mb=13830 elapsed=1698.7s
[A] epoch 32/150 loss=4.27960 rec=0.9058 bg=0.2618 sp=2.4508 ctr=0.1203 psf=-0.0985 ind=0.0001 flip=0.2302 amp=0.4092 val_score=0.96876 best=0.76453 valRec=0.158 tail10=0.025 coverage=0.972 uRho=0.317 falseS=0.247 recall=0.675 precision=0.466 bad=16 lr=1.81e-04 peak_mb=13830 elapsed=1753.4s
[A] epoch 33/150 loss=4.26495 rec=0.9167 bg=0.2678 sp=2.4391 ctr=0.0993 psf=-0.0983 ind=0.0001 flip=0.2166 amp=0.4236 val_score=0.80302 best=0.76453 valRec=0.158 tail10=0.108 coverage=0.984 uRho=0.153 falseS=0.117 recall=1.528 precision=0.693 bad=17 lr=1.80e-04 peak_mb=13830 elapsed=1808.4s
[A] epoch 34/150 loss=4.27904 rec=0.9164 bg=0.2654 sp=2.4516 ctr=0.1160 psf=-0.0981 ind=0.0001 flip=0.2095 amp=0.4182 val_score=0.89976 best=0.76453 valRec=0.162 tail10=0.056 coverage=0.965 uRho=0.196 falseS=0.096 recall=1.770 precision=0.723 bad=18 lr=1.79e-04 peak_mb=13830 elapsed=1862.7s
[A] epoch 35/150 loss=4.21457 rec=0.9122 bg=0.2625 sp=2.4058 ctr=0.0967 psf=-0.0975 ind=0.0001 flip=0.2244 amp=0.4106 val_score=1.07644 best=0.76453 valRec=0.163 tail10=0.056 coverage=0.984 uRho=0.304 falseS=0.129 recall=1.056 precision=0.640 bad=19 lr=1.77e-04 peak_mb=13830 elapsed=1916.8s
[A] epoch 36/150 loss=4.14756 rec=0.8782 bg=0.2659 sp=2.3684 ctr=0.1016 psf=-0.0973 ind=0.0001 flip=0.2073 amp=0.4234 val_score=0.73188 best=0.73188 valRec=0.162 tail10=0.140 coverage=0.984 uRho=0.265 falseS=0.127 recall=1.067 precision=0.644 bad=0 lr=1.76e-04 peak_mb=13830 elapsed=1970.9s
[A] epoch 37/150 loss=4.12175 rec=0.8899 bg=0.2603 sp=2.3625 ctr=0.0879 psf=-0.0967 ind=0.0001 flip=0.2053 amp=0.4126 val_score=0.90414 best=0.73188 valRec=0.159 tail10=0.056 coverage=0.984 uRho=0.154 falseS=0.115 recall=1.017 precision=0.631 bad=1 lr=1.75e-04 peak_mb=13830 elapsed=2024.9s
[A] epoch 38/150 loss=4.10098 rec=0.8812 bg=0.2604 sp=2.3497 ctr=0.0845 psf=-0.0964 ind=0.0001 flip=0.2148 amp=0.4068 val_score=0.88086 best=0.73188 valRec=0.158 tail10=0.067 coverage=0.966 uRho=0.136 falseS=0.130 recall=0.860 precision=0.585 bad=2 lr=1.73e-04 peak_mb=13830 elapsed=2079.2s
[A] epoch 39/150 loss=4.04859 rec=0.8834 bg=0.2595 sp=2.2990 ctr=0.0746 psf=-0.0961 ind=0.0001 flip=0.2073 amp=0.4206 val_score=0.90424 best=0.73188 valRec=0.157 tail10=0.056 coverage=0.978 uRho=0.087 falseS=0.120 recall=1.289 precision=0.648 bad=3 lr=1.72e-04 peak_mb=13830 elapsed=2133.5s
[A] epoch 40/150 loss=4.06613 rec=0.8784 bg=0.2582 sp=2.3080 ctr=0.0864 psf=-0.0959 ind=0.0001 flip=0.2258 amp=0.4052 val_score=0.81846 best=0.73188 valRec=0.155 tail10=0.098 coverage=0.972 uRho=0.081 falseS=0.119 recall=1.279 precision=0.616 bad=4 lr=1.70e-04 peak_mb=13830 elapsed=2187.4s
[A] epoch 41/150 loss=3.98422 rec=0.8429 bg=0.2585 sp=2.2887 ctr=0.0672 psf=-0.0956 ind=0.0001 flip=0.2101 amp=0.4124 val_score=0.90130 best=0.73188 valRec=0.160 tail10=0.056 coverage=0.972 uRho=0.201 falseS=0.137 recall=0.681 precision=0.595 bad=5 lr=1.69e-04 peak_mb=13830 elapsed=2241.3s
[A] epoch 42/150 loss=3.88798 rec=0.8135 bg=0.2535 sp=2.2376 ctr=0.0601 psf=-0.0955 ind=0.0001 flip=0.2110 amp=0.4078 val_score=1.01567 best=0.73188 valRec=0.157 tail10=0.000 coverage=0.972 uRho=0.098 falseS=0.113 recall=0.676 precision=0.597 bad=6 lr=1.67e-04 peak_mb=13830 elapsed=2295.7s
[A] epoch 43/150 loss=3.96462 rec=0.8380 bg=0.2548 sp=2.2644 ctr=0.0827 psf=-0.0953 ind=0.0001 flip=0.2125 amp=0.4075 val_score=0.82043 best=0.73188 valRec=0.158 tail10=0.098 coverage=0.984 uRho=0.054 falseS=0.105 recall=1.254 precision=0.684 bad=7 lr=1.65e-04 peak_mb=13830 elapsed=2350.4s
[A] epoch 44/150 loss=3.96295 rec=0.8418 bg=0.2549 sp=2.2610 ctr=0.0714 psf=-0.0950 ind=0.0001 flip=0.2223 amp=0.4065 val_score=0.90179 best=0.73188 valRec=0.156 tail10=0.056 coverage=0.972 uRho=0.093 falseS=0.106 recall=0.875 precision=0.619 bad=8 lr=1.64e-04 peak_mb=13830 elapsed=2405.5s
[A] epoch 45/150 loss=3.87675 rec=0.8241 bg=0.2535 sp=2.2249 ctr=0.0580 psf=-0.0947 ind=0.0001 flip=0.2169 amp=0.3941 val_score=0.96296 best=0.73188 valRec=0.156 tail10=0.025 coverage=0.961 uRho=0.168 falseS=0.058 recall=1.329 precision=0.729 bad=9 lr=1.62e-04 peak_mb=13830 elapsed=2460.8s
[A] epoch 46/150 loss=3.82940 rec=0.8275 bg=0.2530 sp=2.1921 ctr=0.0498 psf=-0.0948 ind=0.0001 flip=0.1990 amp=0.4027 val_score=0.90127 best=0.73188 valRec=0.160 tail10=0.056 coverage=0.959 uRho=0.229 falseS=0.056 recall=1.113 precision=0.724 bad=10 lr=1.60e-04 peak_mb=13830 elapsed=2515.5s
[A] epoch 47/150 loss=3.91410 rec=0.8355 bg=0.2537 sp=2.2253 ctr=0.0756 psf=-0.0950 ind=0.0001 flip=0.2102 amp=0.4087 val_score=0.96738 best=0.73188 valRec=0.154 tail10=0.025 coverage=0.984 uRho=0.090 falseS=0.090 recall=1.023 precision=0.672 bad=11 lr=1.59e-04 peak_mb=13830 elapsed=2570.8s
[A] epoch 48/150 loss=3.96720 rec=0.8200 bg=0.2559 sp=2.3190 ctr=0.0544 psf=-0.0950 ind=0.0001 flip=0.2063 amp=0.4066 val_score=0.90614 best=0.73188 valRec=0.158 tail10=0.056 coverage=0.966 uRho=0.237 falseS=0.066 recall=1.030 precision=0.696 bad=12 lr=1.57e-04 peak_mb=13830 elapsed=2625.9s
[A] epoch 49/150 loss=3.92976 rec=0.8310 bg=0.2543 sp=2.2510 ctr=0.0736 psf=-0.0949 ind=0.0001 flip=0.2144 amp=0.4003 val_score=1.01435 best=0.73188 valRec=0.159 tail10=0.000 coverage=0.978 uRho=0.238 falseS=0.100 recall=0.758 precision=0.617 bad=13 lr=1.55e-04 peak_mb=13830 elapsed=2680.3s
[A] epoch 50/150 loss=3.89501 rec=0.8313 bg=0.2545 sp=2.2282 ctr=0.0659 psf=-0.0950 ind=0.0001 flip=0.2146 amp=0.3954 val_score=0.78218 best=0.73188 valRec=0.159 tail10=0.115 coverage=0.978 uRho=0.194 falseS=0.067 recall=1.078 precision=0.702 bad=14 lr=1.53e-04 peak_mb=13830 elapsed=2735.4s
[A] epoch 51/150 loss=3.96430 rec=0.8319 bg=0.2548 sp=2.2745 ctr=0.0783 psf=-0.0952 ind=0.0001 flip=0.2134 amp=0.4065 val_score=0.90383 best=0.73188 valRec=0.159 tail10=0.056 coverage=0.978 uRho=0.226 falseS=0.080 recall=1.049 precision=0.683 bad=15 lr=1.52e-04 peak_mb=13830 elapsed=2790.2s
[A] epoch 52/150 loss=3.99005 rec=0.8344 bg=0.2588 sp=2.2959 ctr=0.0758 psf=-0.0952 ind=0.0001 flip=0.2200 amp=0.4004 val_score=0.86760 best=0.73188 valRec=0.163 tail10=0.073 coverage=0.994 uRho=0.187 falseS=0.054 recall=1.152 precision=0.728 bad=16 lr=1.50e-04 peak_mb=13830 elapsed=2845.5s
[A] epoch 53/150 loss=4.02030 rec=0.8290 bg=0.2613 sp=2.2876 ctr=0.0944 psf=-0.0951 ind=0.0001 flip=0.2296 amp=0.4134 val_score=0.81503 best=0.73188 valRec=0.161 tail10=0.098 coverage=0.981 uRho=0.285 falseS=0.061 recall=0.970 precision=0.712 bad=17 lr=1.48e-04 peak_mb=13830 elapsed=2900.6s
[A] epoch 54/150 loss=4.00746 rec=0.8269 bg=0.2607 sp=2.3001 ctr=0.0823 psf=-0.0953 ind=0.0001 flip=0.2255 amp=0.4071 val_score=0.81573 best=0.73188 valRec=0.158 tail10=0.098 coverage=0.997 uRho=0.167 falseS=0.066 recall=1.110 precision=0.727 bad=18 lr=1.46e-04 peak_mb=13830 elapsed=2955.5s
[A] epoch 55/150 loss=4.00484 rec=0.8102 bg=0.2617 sp=2.2993 ctr=0.0883 psf=-0.0953 ind=0.0001 flip=0.2281 amp=0.4125 val_score=0.90049 best=0.73188 valRec=0.160 tail10=0.056 coverage=1.000 uRho=0.068 falseS=0.075 recall=1.383 precision=0.742 bad=19 lr=1.44e-04 peak_mb=13830 elapsed=3010.5s
[A] epoch 56/150 loss=4.05075 rec=0.8386 bg=0.2619 sp=2.3256 ctr=0.0855 psf=-0.0955 ind=0.0001 flip=0.2254 amp=0.4092 val_score=0.90119 best=0.73188 valRec=0.162 tail10=0.056 coverage=1.000 uRho=0.052 falseS=0.081 recall=1.108 precision=0.697 bad=20 lr=1.42e-04 peak_mb=13830 elapsed=3065.4s
[A] early stop at epoch 56 after 20 non-improving epochs
[A] complete best_validation_score=0.731879
[A-v6.3] evaluating all datasets
[A-eval] irstd1k: 201 images
[A-eval] sirst_uavb: 600 images
[A-eval] sirst4_xdu: 201 images
[A-eval] sirst4_non_xdu: 866 images
/root/miniconda3/lib/python3.12/site-packages/torch/nn/modules/conv.py:456: UserWarning: Plan failed with a cudnnException: CUDNN_BACKEND_EXECUTION_PLAN_DESCRIPTOR: cudnnFinalize Descriptor Failed cudnn_status: CUDNN_STATUS_NOT_SUPPORTED (Triggered internally at ../aten/src/ATen/native/cudnn/Conv_v8.cpp:919.)
  return F.conv2d(input, weight, bias, self.stride,
[A-eval] wrote metrics and stability to runs/a_psf/irstd1k_seed42_v6_3
[A-v6.3] rendering diagnostics
[A-vis] wrote 12 panels and PSF sheet to runs/a_psf/irstd1k_seed42_v6_3/visualizations
